A51 MACRO ASSEMBLER  BLINK_ALL                                                            05/23/2018 23:43:39 PAGE     1


MACRO ASSEMBLER A51 V8.2.7.0
OBJECT MODULE PLACED IN .\Objects\blink_all.obj
ASSEMBLER INVOKED BY: C:\Keil_v5\C51\BIN\A51.EXE blink_all.asm SET(SMALL) DEBUG PRINT(.\Listings\blink_all.lst) OBJECT(.
                      \Objects\blink_all.obj) EP

LOC  OBJ            LINE     SOURCE

0000                   1     ORG 0000h
0000                   2             START:
0000 7590FF            3             MOV P1,#0FFh
0003 110C              4             ACALL DELAY
0005 759000            5             MOV P1,#00h
0008 110C              6             ACALL DELAY
000A 80F4              7             SJMP START
                       8             
000C                   9             DELAY:
000C 7940             10             MOV R1,#40h
000E                  11             DEL1:
000E 7A40             12             MOV R2,#40h
0010                  13             DEL2:
0010 7B20             14             MOV R3,#20h
0012                  15             DEL3:
0012 DBFE             16             DJNZ R3,DEL3
0014 DAFA             17             DJNZ R2,DEL2
0016 D9F6             18             DJNZ R1,DEL1
                      19             
0018 22               20             RET
                      21             END
                                     
A51 MACRO ASSEMBLER  BLINK_ALL                                                            05/23/2018 23:43:39 PAGE     2

SYMBOL TABLE LISTING
------ ----- -------


N A M E             T Y P E  V A L U E   ATTRIBUTES

DEL1 . . . . . . .  C ADDR   000EH   A   
DEL2 . . . . . . .  C ADDR   0010H   A   
DEL3 . . . . . . .  C ADDR   0012H   A   
DELAY. . . . . . .  C ADDR   000CH   A   
P1 . . . . . . . .  D ADDR   0090H   A   
START. . . . . . .  C ADDR   0000H   A   


REGISTER BANK(S) USED: 0 


ASSEMBLY COMPLETE.  0 WARNING(S), 0 ERROR(S)
