A51 MACRO ASSEMBLER  TWOANODE                                                             07/09/2018 01:33:41 PAGE     1


MACRO ASSEMBLER A51 V8.2.7.0
OBJECT MODULE PLACED IN .\Objects\twoanode.obj
ASSEMBLER INVOKED BY: C:\Keil_v5\C51\BIN\A51.EXE twoanode.asm SET(SMALL) DEBUG PRINT(.\Listings\twoanode.lst) OBJECT(.\O
                      bjects\twoanode.obj) EP

LOC  OBJ            LINE     SOURCE

0000                   1     ORG 00h
                       2             
0000                   3             RELOAD:
0000 74FF              4             MOV A, #0FFh
0002 F590              5             MOV P1, A
0004 90002E            6             MOV DPTR, #CODEDATA
0007 7805              7             MOV R0, #05h
0009 75F001            8             MOV B, #01h     
000C 7900              9             MOV R1, #00h
                      10             
000E                  11             REPEAT:
000E E9               12             MOV A, R1
000F 93               13             MOVC A, @A+DPTR
0010 F590             14             MOV P1, A
0012 09               15             INC R1
0013 85F0B0           16             MOV P3, B
0016 E5F0             17             MOV A, B
0018 23               18             RL A
0019 F5F0             19             MOV B, A
001B 1121             20             ACALL DELAY
001D D8EF             21             DJNZ R0, REPEAT
001F 80DF             22             SJMP RELOAD
                      23             
0021                  24             DELAY: 
0021 7D32             25             MOV R5, #50
0023 7E32             26             DEL1: MOV R6, #50
0025 7F32             27             DEL2: MOV R7, #50
0027 DFFE             28             DEL3: DJNZ R7, DEL3
0029 DEFA             29                       DJNZ R6, DEL2
002B DDF6             30                   DJNZ R5, DEL1
002D 22               31                       RET
                      32     
002E F9E383A0         33             CODEDATA: DB 0F9h, 0E3h, 83h, 0A0h, 87h 
0032 87                      
                      34     END
A51 MACRO ASSEMBLER  TWOANODE                                                             07/09/2018 01:33:41 PAGE     2

SYMBOL TABLE LISTING
------ ----- -------


N A M E             T Y P E  V A L U E   ATTRIBUTES

B. . . . . . . . .  D ADDR   00F0H   A   
CODEDATA . . . . .  C ADDR   002EH   A   
DEL1 . . . . . . .  C ADDR   0023H   A   
DEL2 . . . . . . .  C ADDR   0025H   A   
DEL3 . . . . . . .  C ADDR   0027H   A   
DELAY. . . . . . .  C ADDR   0021H   A   
P1 . . . . . . . .  D ADDR   0090H   A   
P3 . . . . . . . .  D ADDR   00B0H   A   
RELOAD . . . . . .  C ADDR   0000H   A   
REPEAT . . . . . .  C ADDR   000EH   A   


REGISTER BANK(S) USED: 0 


ASSEMBLY COMPLETE.  0 WARNING(S), 0 ERROR(S)
